[0/2] Re-checking globbed directories...
[1/23] Building CXX object tests/CMakeFiles/RequirementFunctionSystemGTEST.dir/System/RequirementFunctionSystemGTEST.cpp.obj
[2/23] Building CXX object tests/CMakeFiles/DCMManagerSnapshotGTEST.dir/DCMManagerSnapshotGTEST.cpp.obj
In file included from C:/Users/Killu/OneDrive/Desktop/ourpaintdcm/headers/figures/GeometryStorage.h:10,
                 from C:/Users/Killu/OneDrive/Desktop/ourpaintdcm/headers/DCMManager.h:4,
                 from C:/Users/Killu/OneDrive/Desktop/ourpaintdcm/tests/DCMManagerSnapshotGTEST.cpp:3:
C:/Users/Killu/OneDrive/Desktop/ourpaintdcm/headers/utils/IDGenerator.h: In constructor 'constexpr OurPaintDCM::Utils::IDGenerator::IDGenerator()':
C:/Users/Killu/OneDrive/Desktop/ourpaintdcm/headers/utils/IDGenerator.h:30:40: warning: call to non-'constexpr' function 'OurPaintDCM::Utils::ID::ID(long long unsigned int)' [-Winvalid-constexpr]
   30 |     constexpr IDGenerator() noexcept : _id(1) {}
      |                                        ^~~~~~
In file included from C:/Users/Killu/OneDrive/Desktop/ourpaintdcm/headers/figures/GeometryDependencyIndex.h:4,
                 from C:/Users/Killu/OneDrive/Desktop/ourpaintdcm/headers/figures/GeometryStorage.h:4:
C:/Users/Killu/OneDrive/Desktop/ourpaintdcm/headers/utils/ID.h:32:14: note: 'OurPaintDCM::Utils::ID::ID(long long unsigned int)' declared here
   32 |     explicit ID(unsigned long long value): id(value) {}
      |              ^~
C:/Users/Killu/OneDrive/Desktop/ourpaintdcm/headers/utils/IDGenerator.h: In member function 'constexpr void OurPaintDCM::Utils::IDGenerator::set(OurPaintDCM::Utils::ID)':
C:/Users/Killu/OneDrive/Desktop/ourpaintdcm/headers/utils/IDGenerator.h:67:20: warning: invalid type for parameter 1 of 'constexpr' function 'constexpr void OurPaintDCM::Utils::IDGenerator::set(OurPaintDCM::Utils::ID)' [-Winvalid-constexpr]
   67 |     constexpr void set(ID id) noexcept {
      |                    ^~~
C:/Users/Killu/OneDrive/Desktop/ourpaintdcm/headers/utils/ID.h:17:8: note: 'OurPaintDCM::Utils::ID' is not literal because:
   17 | struct ID {
      |        ^~
C:/Users/Killu/OneDrive/Desktop/ourpaintdcm/headers/utils/ID.h:17:8: note:   'OurPaintDCM::Utils::ID' is not an aggregate, does not have a trivial default constructor, and has no 'constexpr' constructor that is not a copy or move constructor
C:/Users/Killu/OneDrive/Desktop/ourpaintdcm/headers/utils/IDGenerator.h: In member function 'constexpr void OurPaintDCM::Utils::IDGenerator::reset()':
C:/Users/Killu/OneDrive/Desktop/ourpaintdcm/headers/utils/IDGenerator.h:75:15: warning: temporary of non-literal type 'OurPaintDCM::Utils::ID' in a constant expression [-Winvalid-constexpr]
   75 |         _id = ID(1);
      |               ^~~~~
[3/23] Linking CXX executable tests\ArcGTEST.exe
[4/23] Building CXX object tests/CMakeFiles/FixRequirementSystemGTEST.dir/System/FixRequirementSystemGTEST.cpp.obj
In file included from C:/Users/Killu/OneDrive/Desktop/ourpaintdcm/headers/figures/GeometryStorage.h:10,
                 from C:/Users/Killu/OneDrive/Desktop/ourpaintdcm/headers/system/RequirementSystem.h:6,
                 from C:/Users/Killu/OneDrive/Desktop/ourpaintdcm/tests/System/FixRequirementSystemGTEST.cpp:2:
C:/Users/Killu/OneDrive/Desktop/ourpaintdcm/headers/utils/IDGenerator.h: In constructor 'constexpr OurPaintDCM::Utils::IDGenerator::IDGenerator()':
C:/Users/Killu/OneDrive/Desktop/ourpaintdcm/headers/utils/IDGenerator.h:30:40: warning: call to non-'constexpr' function 'OurPaintDCM::Utils::ID::ID(long long unsigned int)' [-Winvalid-constexpr]
   30 |     constexpr IDGenerator() noexcept : _id(1) {}
      |                                        ^~~~~~
In file included from C:/Users/Killu/OneDrive/Desktop/ourpaintdcm/headers/functions/RequirementFunction.h:7,
                 from C:/Users/Killu/OneDrive/Desktop/ourpaintdcm/headers/system/RequirementFunctionSystem.h:3,
                 from C:/Users/Killu/OneDrive/Desktop/ourpaintdcm/headers/system/RequirementSystem.h:4:
C:/Users/Killu/OneDrive/Desktop/ourpaintdcm/headers/utils/ID.h:32:14: note: 'OurPaintDCM::Utils::ID::ID(long long unsigned int)' declared here
   32 |     explicit ID(unsigned long long value): id(value) {}
      |              ^~
C:/Users/Killu/OneDrive/Desktop/ourpaintdcm/headers/utils/IDGenerator.h: In member function 'constexpr void OurPaintDCM::Utils::IDGenerator::set(OurPaintDCM::Utils::ID)':
C:/Users/Killu/OneDrive/Desktop/ourpaintdcm/headers/utils/IDGenerator.h:67:20: warning: invalid type for parameter 1 of 'constexpr' function 'constexpr void OurPaintDCM::Utils::IDGenerator::set(OurPaintDCM::Utils::ID)' [-Winvalid-constexpr]
   67 |     constexpr void set(ID id) noexcept {
      |                    ^~~
C:/Users/Killu/OneDrive/Desktop/ourpaintdcm/headers/utils/ID.h:17:8: note: 'OurPaintDCM::Utils::ID' is not literal because:
   17 | struct ID {
      |        ^~
C:/Users/Killu/OneDrive/Desktop/ourpaintdcm/headers/utils/ID.h:17:8: note:   'OurPaintDCM::Utils::ID' is not an aggregate, does not have a trivial default constructor, and has no 'constexpr' constructor that is not a copy or move constructor
C:/Users/Killu/OneDrive/Desktop/ourpaintdcm/headers/utils/IDGenerator.h: In member function 'constexpr void OurPaintDCM::Utils::IDGenerator::reset()':
C:/Users/Killu/OneDrive/Desktop/ourpaintdcm/headers/utils/IDGenerator.h:75:15: warning: temporary of non-literal type 'OurPaintDCM::Utils::ID' in a constant expression [-Winvalid-constexpr]
   75 |         _id = ID(1);
      |               ^~~~~
[5/23] Building CXX object tests/CMakeFiles/DCMManagerGTEST.dir/DCMManagerGTEST.cpp.obj
In file included from C:/Users/Killu/OneDrive/Desktop/ourpaintdcm/headers/figures/GeometryStorage.h:10,
                 from C:/Users/Killu/OneDrive/Desktop/ourpaintdcm/headers/DCMManager.h:4,
                 from C:/Users/Killu/OneDrive/Desktop/ourpaintdcm/tests/DCMManagerGTEST.cpp:3:
C:/Users/Killu/OneDrive/Desktop/ourpaintdcm/headers/utils/IDGenerator.h: In constructor 'constexpr OurPaintDCM::Utils::IDGenerator::IDGenerator()':
C:/Users/Killu/OneDrive/Desktop/ourpaintdcm/headers/utils/IDGenerator.h:30:40: warning: call to non-'constexpr' function 'OurPaintDCM::Utils::ID::ID(long long unsigned int)' [-Winvalid-constexpr]
   30 |     constexpr IDGenerator() noexcept : _id(1) {}
      |                                        ^~~~~~
In file included from C:/Users/Killu/OneDrive/Desktop/ourpaintdcm/headers/figures/GeometryDependencyIndex.h:4,
                 from C:/Users/Killu/OneDrive/Desktop/ourpaintdcm/headers/figures/GeometryStorage.h:4:
C:/Users/Killu/OneDrive/Desktop/ourpaintdcm/headers/utils/ID.h:32:14: note: 'OurPaintDCM::Utils::ID::ID(long long unsigned int)' declared here
   32 |     explicit ID(unsigned long long value): id(value) {}
      |              ^~
C:/Users/Killu/OneDrive/Desktop/ourpaintdcm/headers/utils/IDGenerator.h: In member function 'constexpr void OurPaintDCM::Utils::IDGenerator::set(OurPaintDCM::Utils::ID)':
C:/Users/Killu/OneDrive/Desktop/ourpaintdcm/headers/utils/IDGenerator.h:67:20: warning: invalid type for parameter 1 of 'constexpr' function 'constexpr void OurPaintDCM::Utils::IDGenerator::set(OurPaintDCM::Utils::ID)' [-Winvalid-constexpr]
   67 |     constexpr void set(ID id) noexcept {
      |                    ^~~
C:/Users/Killu/OneDrive/Desktop/ourpaintdcm/headers/utils/ID.h:17:8: note: 'OurPaintDCM::Utils::ID' is not literal because:
   17 | struct ID {
      |        ^~
C:/Users/Killu/OneDrive/Desktop/ourpaintdcm/headers/utils/ID.h:17:8: note:   'OurPaintDCM::Utils::ID' is not an aggregate, does not have a trivial default constructor, and has no 'constexpr' constructor that is not a copy or move constructor
C:/Users/Killu/OneDrive/Desktop/ourpaintdcm/headers/utils/IDGenerator.h: In member function 'constexpr void OurPaintDCM::Utils::IDGenerator::reset()':
C:/Users/Killu/OneDrive/Desktop/ourpaintdcm/headers/utils/IDGenerator.h:75:15: warning: temporary of non-literal type 'OurPaintDCM::Utils::ID' in a constant expression [-Winvalid-constexpr]
   75 |         _id = ID(1);
      |               ^~~~~
[6/23] Linking CXX executable tests\CircleGTEST.exe
[7/23] Linking CXX executable tests\GeometryStorageBenchmark.exe
[8/23] Linking CXX executable tests\DCMManagerSnapshotGTEST.exe
[9/23] Linking CXX executable tests\GeometryStorageGTEST.exe
[10/23] Linking CXX executable tests\LineGTEST.exe
[11/23] Linking CXX executable tests\Point2DGTEST.exe
[12/23] Linking CXX executable tests\PointBaseGTEST.exe
[13/23] Linking CXX executable tests\DCMManagerGTEST.exe
[14/23] Linking CXX executable tests\FigureDescriptorGTEST.exe
[15/23] Linking CXX executable tests\RequirementFunctionSystemGTEST.exe
[16/23] Linking CXX executable tests\IDGTEST.exe
[17/23] Linking CXX executable tests\FixRequirementSystemGTEST.exe
[18/23] Linking CXX executable tests\IDGeneratorGTEST.exe
[19/23] Linking CXX executable tests\RequirementDescriptorGTEST.exe
[20/23] Linking CXX executable tests\FixCoordinateFunctionGTEST.exe
[21/23] Linking CXX executable tests\RequirementFunctionFactoryGTEST.exe
[22/23] Linking CXX executable tests\RequirementFunctionGTEST.exe
