In file included from C:\Users\Killu\OneDrive\Desktop\ourpaintdcm\headers\figures/GeometryStorage.h:10,
                 from C:\Users\Killu\OneDrive\Desktop\ourpaintdcm\headers/DCMManager.h:4,
                 from C:\Users\Killu\OneDrive\Desktop\ourpaintdcm\docs\audit\repro.cpp:1:
C:\Users\Killu\OneDrive\Desktop\ourpaintdcm\headers\utils/IDGenerator.h: In constructor 'constexpr OurPaintDCM::Utils::IDGenerator::IDGenerator()':
C:\Users\Killu\OneDrive\Desktop\ourpaintdcm\headers\utils/IDGenerator.h:30:40: warning: call to non-'constexpr' function 'OurPaintDCM::Utils::ID::ID(long long unsigned int)' [-Winvalid-constexpr]
   30 |     constexpr IDGenerator() noexcept : _id(1) {}
      |                                        ^~~~~~
In file included from C:\Users\Killu\OneDrive\Desktop\ourpaintdcm\headers\figures/GeometryDependencyIndex.h:4,
                 from C:\Users\Killu\OneDrive\Desktop\ourpaintdcm\headers\figures/GeometryStorage.h:4:
C:\Users\Killu\OneDrive\Desktop\ourpaintdcm\headers\utils/ID.h:32:14: note: 'OurPaintDCM::Utils::ID::ID(long long unsigned int)' declared here
   32 |     explicit ID(unsigned long long value): id(value) {}
      |              ^~
C:\Users\Killu\OneDrive\Desktop\ourpaintdcm\headers\utils/IDGenerator.h: In member function 'constexpr void OurPaintDCM::Utils::IDGenerator::set(OurPaintDCM::Utils::ID)':
C:\Users\Killu\OneDrive\Desktop\ourpaintdcm\headers\utils/IDGenerator.h:67:20: warning: invalid type for parameter 1 of 'constexpr' function 'constexpr void OurPaintDCM::Utils::IDGenerator::set(OurPaintDCM::Utils::ID)' [-Winvalid-constexpr]
   67 |     constexpr void set(ID id) noexcept {
      |                    ^~~
C:\Users\Killu\OneDrive\Desktop\ourpaintdcm\headers\utils/ID.h:17:8: note: 'OurPaintDCM::Utils::ID' is not literal because:
   17 | struct ID {
      |        ^~
C:\Users\Killu\OneDrive\Desktop\ourpaintdcm\headers\utils/ID.h:17:8: note:   'OurPaintDCM::Utils::ID' is not an aggregate, does not have a trivial default constructor, and has no 'constexpr' constructor that is not a copy or move constructor
C:\Users\Killu\OneDrive\Desktop\ourpaintdcm\headers\utils/IDGenerator.h: In member function 'constexpr void OurPaintDCM::Utils::IDGenerator::reset()':
C:\Users\Killu\OneDrive\Desktop\ourpaintdcm\headers\utils/IDGenerator.h:75:15: warning: temporary of non-literal type 'OurPaintDCM::Utils::ID' in a constant expression [-Winvalid-constexpr]
   75 |         _id = ID(1);
      |               ^~~~~
